// Jest Snapshot v1, https://goo.gl/fbAQLP

exports[`<ChatMessageList /> renders correctly 1`] = `
<h4
  className="MuiTypography-root-40 MuiTypography-h4-55 ChatMessageList-noMessages-39"
>
  There is no messages yet...
</h4>
`;
