// Jest Snapshot v1, https://goo.gl/fbAQLP

exports[`<ErrorMessage /> renders correctly 1`] = `null`;

exports[`<ErrorMessage /> renders correctly 2`] = `null`;
