// Jest Snapshot v1, https://goo.gl/fbAQLP

exports[`<SignUpForm /> renders correctly 1`] = `
<form
  className="SignUpForm-container-57"
  onSubmit={[Function]}
>
  <div
    aria-describedby={undefined}
    className="MuiFormControl-root-59 MuiFormControl-marginNormal-60 MuiFormControl-fullWidth-62"
    onBlur={[Function]}
    onFocus={[Function]}
    username=""
  >
    <label
      className="MuiFormLabel-root-68 MuiInputLabel-root-63 MuiInputLabel-formControl-64 MuiInputLabel-animated-67"
      data-shrink={false}
      htmlFor={undefined}
    >
      Username
      <span
        className="MuiFormLabel-asterisk-72"
      >
         *
      </span>
    </label>
    <div
      className="MuiInput-root-74 MuiInput-fullWidth-81 MuiInput-formControl-75 MuiInput-underline-78"
    >
      <input
        aria-invalid={false}
        aria-required={true}
        autoComplete={undefined}
        autoFocus={undefined}
        className="MuiInput-input-82"
        defaultValue={undefined}
        disabled={false}
        id={undefined}
        name="username"
        onBlur={[Function]}
        onChange={[Function]}
        onFocus={[Function]}
        onKeyDown={undefined}
        onKeyUp={undefined}
        placeholder="Type your username ..."
        readOnly={undefined}
        required={true}
        rows={undefined}
        type="text"
        value={undefined}
      />
    </div>
  </div>
  <div
    aria-describedby={undefined}
    className="MuiFormControl-root-59 MuiFormControl-marginNormal-60 MuiFormControl-fullWidth-62"
    onBlur={[Function]}
    onFocus={[Function]}
    username=""
  >
    <label
      className="MuiFormLabel-root-68 MuiInputLabel-root-63 MuiInputLabel-formControl-64 MuiInputLabel-animated-67"
      data-shrink={false}
      htmlFor={undefined}
    >
      Password
      <span
        className="MuiFormLabel-asterisk-72"
      >
         *
      </span>
    </label>
    <div
      className="MuiInput-root-74 MuiInput-fullWidth-81 MuiInput-formControl-75 MuiInput-underline-78"
    >
      <input
        aria-invalid={false}
        aria-required={true}
        autoComplete={undefined}
        autoFocus={undefined}
        className="MuiInput-input-82 MuiInput-inputType-86"
        defaultValue={undefined}
        disabled={false}
        id={undefined}
        name="password"
        onBlur={[Function]}
        onChange={[Function]}
        onFocus={[Function]}
        onKeyDown={undefined}
        onKeyUp={undefined}
        placeholder="Type your password ..."
        readOnly={undefined}
        required={true}
        rows={undefined}
        type="password"
        value={undefined}
      />
    </div>
  </div>
  <div
    aria-describedby={undefined}
    className="MuiFormControl-root-59 MuiFormControl-marginNormal-60 MuiFormControl-fullWidth-62"
    onBlur={[Function]}
    onFocus={[Function]}
    username=""
  >
    <label
      className="MuiFormLabel-root-68 MuiInputLabel-root-63 MuiInputLabel-formControl-64 MuiInputLabel-animated-67"
      data-shrink={false}
      htmlFor={undefined}
    >
      Repeat password
      <span
        className="MuiFormLabel-asterisk-72"
      >
         *
      </span>
    </label>
    <div
      className="MuiInput-root-74 MuiInput-fullWidth-81 MuiInput-formControl-75 MuiInput-underline-78"
    >
      <input
        aria-invalid={false}
        aria-required={true}
        autoComplete={undefined}
        autoFocus={undefined}
        className="MuiInput-input-82 MuiInput-inputType-86"
        defaultValue={undefined}
        disabled={false}
        id={undefined}
        name="repeatedPassword"
        onBlur={[Function]}
        onChange={[Function]}
        onFocus={[Function]}
        onKeyDown={undefined}
        onKeyUp={undefined}
        placeholder="Repeat your password ..."
        readOnly={undefined}
        required={true}
        rows={undefined}
        type="password"
        value={undefined}
      />
    </div>
  </div>
  <button
    className="MuiButtonBase-root-103 MuiButton-root-88 MuiButton-raised-93 MuiButton-raisedPrimary-95 SignUpForm-button-58"
    disabled={false}
    onBlur={[Function]}
    onFocus={[Function]}
    onKeyDown={[Function]}
    onKeyUp={[Function]}
    onMouseDown={[Function]}
    onMouseLeave={[Function]}
    onMouseUp={[Function]}
    onTouchEnd={[Function]}
    onTouchMove={[Function]}
    onTouchStart={[Function]}
    tabIndex="0"
    type="submit"
  >
    <span
      className="MuiButton-label-89"
    >
      SignUp
    </span>
    <span
      className="MuiTouchRipple-root-106"
    />
  </button>
</form>
`;
