// Jest Snapshot v1, https://goo.gl/fbAQLP

exports[`<WelcomePage /> renders correctly 1`] = `
<div>
  <header
    className="MuiPaper-root-114 MuiPaper-elevation4-120 MuiAppBar-root-106 MuiAppBar-positionFixed-107 MuiAppBar-colorPrimary-112 mui-fixed"
  >
    <div
      className="MuiToolbar-root-141 MuiToolbar-gutters-142"
    >
      <h2
        className="MuiTypography-root-143 MuiTypography-title-149 MuiTypography-colorInherit-162 MuiTypography-noWrap-159"
      >
        DogeCodes React Chat
      </h2>
    </div>
  </header>
  <div
    className="WelcomePage-content-103"
  >
    <div
      className="MuiPaper-root-114 MuiPaper-elevation2-118 MuiPaper-rounded-115 WelcomePage-authForm-104"
    >
      <header
        className="MuiPaper-root-114 MuiPaper-elevation4-120 MuiAppBar-root-106 MuiAppBar-positionStatic-110 MuiAppBar-colorDefault-111"
      >
        <div
          className="MuiTabs-root-167"
        >
          <div
            className="MuiTabs-flexContainer-168"
          >
            <div
              className="MuiTabs-scroller-169 MuiTabs-fixed-170"
              onScroll={[Function]}
              role="tablist"
              style={
                Object {
                  "marginBottom": 0,
                }
              }
            >
              <div
                className="MuiTabs-flexContainer-168"
              >
                <button
                  aria-selected={true}
                  className="MuiButtonBase-root-192 MuiTab-root-176 MuiTab-textColorInherit-178 MuiTab-textColorInheritSelected-185 MuiTab-fullWidth-187"
                  disabled={false}
                  onBlur={[Function]}
                  onClick={[Function]}
                  onFocus={[Function]}
                  onKeyDown={[Function]}
                  onKeyUp={[Function]}
                  onMouseDown={[Function]}
                  onMouseLeave={[Function]}
                  onMouseUp={[Function]}
                  onTouchEnd={[Function]}
                  onTouchMove={[Function]}
                  onTouchStart={[Function]}
                  role="tab"
                  style={undefined}
                  tabIndex="0"
                  type="button"
                >
                  <span
                    className="MuiTab-wrapper-188"
                  >
                    <span
                      className="MuiTab-labelContainer-189"
                    >
                      <span
                        className="MuiTab-label-190"
                      >
                        LOGIN
                      </span>
                    </span>
                  </span>
                  <span
                    className="MuiTouchRipple-root-198"
                  />
                </button>
                <button
                  aria-selected={false}
                  className="MuiButtonBase-root-192 MuiTab-root-176 MuiTab-textColorInherit-178 MuiTab-fullWidth-187"
                  disabled={false}
                  onBlur={[Function]}
                  onClick={[Function]}
                  onFocus={[Function]}
                  onKeyDown={[Function]}
                  onKeyUp={[Function]}
                  onMouseDown={[Function]}
                  onMouseLeave={[Function]}
                  onMouseUp={[Function]}
                  onTouchEnd={[Function]}
                  onTouchMove={[Function]}
                  onTouchStart={[Function]}
                  role="tab"
                  style={undefined}
                  tabIndex="0"
                  type="button"
                >
                  <span
                    className="MuiTab-wrapper-188"
                  >
                    <span
                      className="MuiTab-labelContainer-189"
                    >
                      <span
                        className="MuiTab-label-190"
                      >
                        SIGN UP
                      </span>
                    </span>
                  </span>
                  <span
                    className="MuiTouchRipple-root-198"
                  />
                </button>
              </div>
              <span
                className="MuiTabIndicator-root-195 MuiTabs-indicator-175"
                style={
                  Object {
                    "backgroundColor": "red",
                    "left": 0,
                    "width": 0,
                  }
                }
              />
            </div>
          </div>
        </div>
      </header>
      <div
        className="WelcomePage-tabWrapper-105"
      >
        LoginForm
      </div>
    </div>
  </div>
  ./ErrorMessage
</div>
`;
